---
source: tests/basic_syscall_trace.rs
expression: called_syscalls
input_file: test_programs/build/test.exec
snapshot_kind: text
---
[
    Err(
        SyscallError {
            syscall: Openat,
            error: ENOENT,
        },
    ),
    Err(
        SyscallError {
            syscall: Openat,
            error: ENOENT,
        },
    ),
    Err(
        SyscallError {
            syscall: Openat,
            error: ENOENT,
        },
    ),
    Err(
        SyscallError {
            syscall: Openat,
            error: ENOENT,
        },
    ),
    Err(
        SyscallError {
            syscall: Openat,
            error: ENOENT,
        },
    ),
    Err(
        SyscallError {
            syscall: Openat,
            error: ENOENT,
        },
    ),
    Err(
        SyscallError {
            syscall: Openat,
            error: ENOENT,
        },
    ),
    Err(
        SyscallError {
            syscall: Openat,
            error: ENOENT,
        },
    ),
    Err(
        SyscallError {
            syscall: Openat,
            error: ENOENT,
        },
    ),
    Err(
        SyscallError {
            syscall: Openat,
            error: ENOENT,
        },
    ),
    Err(
        SyscallError {
            syscall: Openat,
            error: ENOENT,
        },
    ),
    Err(
        SyscallError {
            syscall: Openat,
            error: ENOENT,
        },
    ),
    Ok(
        Openat {
            dirfd: -100,
            pathname: [
                47,
                101,
                116,
                99,
                47,
                108,
                100,
                46,
                115,
                111,
                46,
                99,
                97,
                99,
                104,
                101,
                0,
            ],
            flags: 524288,
            mode: 0,
        },
    ),
    Ok(
        Close {
            fd: 3,
        },
    ),
    Ok(
        Openat {
            dirfd: -100,
            pathname: [
                47,
                117,
                115,
                114,
                47,
                108,
                105,
                98,
                47,
                108,
                105,
                98,
                99,
                46,
                115,
                111,
                46,
                54,
                0,
            ],
            flags: 524288,
            mode: 0,
        },
    ),
    Ok(
        Read {
            fd: 3,
            read_bytes: [
                127,
                69,
                76,
                70,
                2,
                1,
                1,
                3,
                0,
                0,
                0,
                0,
                0,
                0,
                0,
                0,
                3,
                0,
                62,
                0,
                1,
                0,
                0,
                0,
                224,
                95,
                2,
                0,
                0,
                0,
                0,
                0,
                64,
                0,
                0,
                0,
                0,
                0,
                0,
                0,
                120,
                173,
                30,
                0,
                0,
                0,
                0,
                0,
                0,
                0,
                0,
                0,
                64,
                0,
                56,
                0,
                14,
                0,
                64,
                0,
                63,
                0,
                62,
                0,
                6,
                0,
                0,
                0,
                4,
                0,
                0,
                0,
                64,
                0,
                0,
                0,
                0,
                0,
                0,
                0,
                64,
                0,
                0,
                0,
                0,
                0,
                0,
                0,
                64,
                0,
                0,
                0,
                0,
                0,
                0,
                0,
                16,
                3,
                0,
                0,
                0,
                0,
                0,
                0,
                16,
                3,
                0,
                0,
                0,
                0,
                0,
                0,
                8,
                0,
                0,
                0,
                0,
                0,
                0,
                0,
                3,
                0,
                0,
                0,
                4,
                0,
                0,
                0,
                128,
                175,
                27,
                0,
                0,
                0,
                0,
                0,
                128,
                175,
                27,
                0,
                0,
                0,
                0,
                0,
                128,
                175,
                27,
                0,
                0,
                0,
                0,
                0,
                30,
                0,
                0,
                0,
                0,
                0,
                0,
                0,
                30,
                0,
                0,
                0,
                0,
                0,
                0,
                0,
                16,
                0,
                0,
                0,
                0,
                0,
                0,
                0,
                1,
                0,
                0,
                0,
                4,
                0,
                0,
                0,
                0,
                0,
                0,
                0,
                0,
                0,
                0,
                0,
                0,
                0,
                0,
                0,
                0,
                0,
                0,
                0,
                0,
                0,
                0,
                0,
                0,
                0,
                0,
                0,
                176,
                50,
                2,
                0,
                0,
                0,
                0,
                0,
                176,
                50,
                2,
                0,
                0,
                0,
                0,
                0,
                0,
                16,
                0,
                0,
                0,
                0,
                0,
                0,
                1,
                0,
                0,
                0,
                5,
                0,
                0,
                0,
                0,
                64,
                2,
                0,
                0,
                0,
                0,
                0,
                0,
                64,
                2,
                0,
                0,
                0,
                0,
                0,
                0,
                64,
                2,
                0,
                0,
                0,
                0,
                0,
                57,
                4,
                23,
                0,
                0,
                0,
                0,
                0,
                57,
                4,
                23,
                0,
                0,
                0,
                0,
                0,
                0,
                16,
                0,
                0,
                0,
                0,
                0,
                0,
                1,
                0,
                0,
                0,
                4,
                0,
                0,
                0,
                0,
                80,
                25,
                0,
                0,
                0,
                0,
                0,
                0,
                80,
                25,
                0,
                0,
                0,
                0,
                0,
                0,
                80,
                25,
                0,
                0,
                0,
                0,
                0,
                44,
                221,
                4,
                0,
                0,
                0,
                0,
                0,
                44,
                221,
                4,
                0,
                0,
                0,
                0,
                0,
                0,
                16,
                0,
                0,
                0,
                0,
                0,
                0,
                1,
                0,
                0,
                0,
                6,
                0,
                0,
                0,
                120,
                59,
                30,
                0,
                0,
                0,
                0,
                0,
                120,
                59,
                30,
                0,
                0,
                0,
                0,
                0,
                120,
                59,
                30,
                0,
                0,
                0,
                0,
                0,
                80,
                75,
                0,
                0,
                0,
                0,
                0,
                0,
                64,
                208,
                0,
                0,
                0,
                0,
                0,
                0,
                0,
                16,
                0,
                0,
                0,
                0,
                0,
                0,
                2,
                0,
                0,
                0,
                6,
                0,
                0,
                0,
                64,
                105,
                30,
                0,
                0,
                0,
                0,
                0,
                64,
                105,
                30,
                0,
                0,
                0,
                0,
                0,
                64,
                105,
                30,
                0,
                0,
                0,
                0,
                0,
                48,
                2,
                0,
                0,
                0,
                0,
                0,
                0,
                48,
                2,
                0,
                0,
                0,
                0,
                0,
                0,
                8,
                0,
                0,
                0,
                0,
                0,
                0,
                0,
                4,
                0,
                0,
                0,
                4,
                0,
                0,
                0,
                80,
                3,
                0,
                0,
                0,
                0,
                0,
                0,
                80,
                3,
                0,
                0,
                0,
                0,
                0,
                0,
                80,
                3,
                0,
                0,
                0,
                0,
                0,
                0,
                80,
                0,
                0,
                0,
                0,
                0,
                0,
                0,
                80,
                0,
                0,
                0,
                0,
                0,
                0,
                0,
                8,
                0,
                0,
                0,
                0,
                0,
                0,
                0,
                4,
                0,
                0,
                0,
                4,
                0,
                0,
                0,
                160,
                3,
                0,
                0,
                0,
                0,
                0,
                0,
                160,
                3,
                0,
                0,
                0,
                0,
                0,
                0,
                160,
                3,
                0,
                0,
                0,
                0,
                0,
                0,
                68,
                0,
                0,
                0,
                0,
                0,
                0,
                0,
                68,
                0,
                0,
                0,
                0,
                0,
                0,
                0,
                4,
                0,
                0,
                0,
                0,
                0,
                0,
                0,
                7,
                0,
                0,
                0,
                4,
                0,
                0,
                0,
                120,
                59,
                30,
                0,
                0,
                0,
                0,
                0,
                120,
                59,
                30,
                0,
                0,
                0,
                0,
                0,
                120,
                59,
                30,
                0,
                0,
                0,
                0,
                0,
                16,
                0,
                0,
                0,
                0,
                0,
                0,
                0,
                136,
                0,
                0,
                0,
                0,
                0,
                0,
                0,
                8,
                0,
                0,
                0,
                0,
                0,
                0,
                0,
                83,
                229,
                116,
                100,
                4,
                0,
                0,
                0,
                80,
                3,
                0,
                0,
                0,
                0,
                0,
                0,
                80,
                3,
                0,
                0,
                0,
                0,
                0,
                0,
                80,
                3,
                0,
                0,
                0,
                0,
                0,
                0,
                80,
                0,
                0,
                0,
                0,
                0,
                0,
                0,
                80,
                0,
                0,
                0,
                0,
                0,
                0,
                0,
                8,
                0,
                0,
                0,
                0,
                0,
                0,
                0,
                80,
                229,
                116,
                100,
                4,
                0,
                0,
                0,
                160,
                175,
                27,
                0,
                0,
                0,
                0,
                0,
                160,
                175,
                27,
                0,
                0,
                0,
                0,
                0,
                160,
                175,
                27,
                0,
                0,
                0,
                0,
                0,
                124,
                120,
                0,
                0,
                0,
                0,
                0,
                0,
                124,
                120,
                0,
                0,
                0,
                0,
                0,
                0,
                4,
                0,
                0,
                0,
                0,
                0,
                0,
                0,
                81,
                229,
                116,
                100,
                6,
                0,
                0,
                0,
                0,
                0,
                0,
                0,
                0,
                0,
                0,
                0,
                0,
                0,
                0,
                0,
                0,
                0,
                0,
                0,
                0,
                0,
                0,
                0,
                0,
                0,
                0,
                0,
                0,
                0,
                0,
                0,
                0,
                0,
                0,
                0,
                0,
                0,
                0,
                0,
                0,
                0,
                0,
                0,
                16,
                0,
                0,
                0,
                0,
                0,
                0,
                0,
                82,
                229,
                116,
                100,
                4,
                0,
                0,
                0,
                120,
                59,
                30,
                0,
                0,
                0,
                0,
                0,
                120,
                59,
                30,
                0,
                0,
                0,
                0,
                0,
                120,
                59,
                30,
                0,
                0,
                0,
                0,
                0,
                136,
                52,
                0,
                0,
                0,
                0,
                0,
                0,
            ],
            requested_count: 832,
        },
    ),
    Ok(
        Close {
            fd: 3,
        },
    ),
    Ok(
        Write {
            fd: 1,
            buf: [
                72,
                101,
                108,
                108,
                111,
                32,
                119,
                111,
                114,
                108,
                100,
                33,
                10,
            ],
        },
    ),
    Ok(
        ExitGroup {
            status: 0,
        },
    ),
]
