---
source: tests/basic_syscall_trace.rs
expression: called_syscalls
input_file: test_programs/build/threads.exec
snapshot_kind: text
---
[
    Ok(
        Write {
            fd: 1,
            buf: [
                109,
                97,
                105,
                110,
                32,
                116,
                104,
                114,
                101,
                97,
                100,
                10,
            ],
        },
    ),
    Ok(
        Write {
            fd: 1,
            buf: [
                109,
                97,
                105,
                110,
                32,
                116,
                104,
                114,
                101,
                97,
                100,
                10,
            ],
        },
    ),
    Ok(
        ExitGroup {
            status: 0,
        },
    ),
]
